2026-03-29 21:33:58.487  4590-4590  Editor                  com.plugadoratomico                  D  Double tap detection is fail
2026-03-29 21:33:58.566  2422-3317  MIUIInput               system_server                        D  [MotionEvent] publisher action=0x1, 82057171, channel '36c9be2 com.plugadoratomico/com.plugadoratomico.MainActivity (server)'
2026-03-29 21:33:58.572  4590-4590  InputMethodManager      com.plugadoratomico                  D  showSoftInput() view=com.facebook.react.views.textinput.ReactEditText{cfd6ca8 VFED..CL. .F.P.... 24,1997-1064,2129 #1ab aid=1073741868} flags=0 reason=SHOW_SOFT_INPUT
2026-03-29 21:33:58.576  1496-4520  MI-SF                   surfaceflinger                       D  updateScene: module = 270 (Input), value = 1, pkg = com.plugadoratomico, Vrr = 1
2026-03-29 21:33:58.577 10537-10537 GoogleInpu...hodService com...gle.android.inputmethod.latin  I  GoogleInputMethodService.onStartInputView():1519 onStartInputView(EditorInfo{EditorInfo{packageName=com.plugadoratomico, inputType=24001, inputTypeString=Normal[MultiLine|CapSentences], enableLearning=true, autoCorrection=true, autoComplete=true, imeOptions=40000006, privateImeOptions=null, actionName=DONE, actionLabel=null, initialSelStart=0, initialSelEnd=0, initialCapsMode=2000, label=null, fieldId=427, fieldName=null, extras=Bundle[{android.support.text.emoji.emojiCompat_metadataVersion=11, android.support.text.emoji.emojiCompat_replaceAll=false, hand_writing_keyboard_type=1}], hintText=non-empty, hintLocales=[]}}, false)
2026-03-29 21:33:58.579 10537-10537 AndroidIME              com...gle.android.inputmethod.latin  I  AbstractIme.onActivate():95 LatinIme.onActivate() : EditorInfo = EditorInfo{packageName=com.plugadoratomico, inputType=24001, inputTypeString=Normal[MultiLine|CapSentences], enableLearning=true, autoCorrection=true, autoComplete=true, imeOptions=40000006, privateImeOptions=null, actionName=DONE, actionLabel=null, initialSelStart=0, initialSelEnd=0, initialCapsMode=2000, label=null, fieldId=427, fieldName=null, extras=Bundle[{android.support.text.emoji.emojiCompat_metadataVersion=11, android.support.text.emoji.emojiCompat_replaceAll=false, hand_writing_keyboard_type=1}], hintText=non-empty, hintLocales=[]}, IncognitoMode = false, DeviceLocked = false
2026-03-29 21:33:58.587 10537-10618 NebulaeTra...sProcessor com...gle.android.inputmethod.latin  I  NebulaeTrainingCacheMetricsProcessor.processBeginSession():293 Begin training cache session: com.plugadoratomico_757/
2026-03-29 21:33:58.592  4590-4590  OnBackInvokedCallback   com.plugadoratomico                  W  OnBackInvokedCallback is not enabled for the application.
                                                                                                    Set 'android:enableOnBackInvokedCallback="true"' in the application manifest.
2026-03-29 21:33:58.625  4590-4590  InsetsController        com.plugadoratomico                  D  show(ime(), fromIme=true)
2026-03-29 21:34:00.216  2422-3317  MIUIInput               system_server                        D  [MotionEvent] publisher action=0x0, 82058820, channel '36c9be2 com.plugadoratomico/com.plugadoratomico.MainActivity (server)'
2026-03-29 21:34:00.219  2422-3317  MIUIInput               system_server                        D  [MotionEvent] publisher action=0x1, 82058824, channel '36c9be2 com.plugadoratomico/com.plugadoratomico.MainActivity (server)'
2026-03-29 21:34:00.335  4590-4590  HandWritingStubImpl     com.plugadoratomico                  I  getCurrentKeyboardType: 1
2026-03-29 21:34:00.339 10537-10537 GoogleInpu...hodService com...gle.android.inputmethod.latin  I  GoogleInputMethodService.onStartInput():1434 onStartInput(EditorInfo{EditorInfo{packageName=com.plugadoratomico, inputType=24001, inputTypeString=Normal[MultiLine|CapSentences], enableLearning=true, autoCorrection=true, autoComplete=true, imeOptions=40000006, privateImeOptions=null, actionName=DONE, actionLabel=null, initialSelStart=0, initialSelEnd=0, initialCapsMode=2000, label=null, fieldId=427, fieldName=null, extras=Bundle[mParcelledData.dataSize=308], hintText=non-empty, hintLocales=[]}}, true)
2026-03-29 21:34:00.341 10537-10537 GoogleInpu...hodService com...gle.android.inputmethod.latin  I  GoogleInputMethodService.onStartInputView():1519 onStartInputView(EditorInfo{EditorInfo{packageName=com.plugadoratomico, inputType=24001, inputTypeString=Normal[MultiLine|CapSentences], enableLearning=true, autoCorrection=true, autoComplete=true, imeOptions=40000006, privateImeOptions=null, actionName=DONE, actionLabel=null, initialSelStart=0, initialSelEnd=0, initialCapsMode=2000, label=null, fieldId=427, fieldName=null, extras=Bundle[{android.support.text.emoji.emojiCompat_metadataVersion=11, android.support.text.emoji.emojiCompat_replaceAll=false, hand_writing_keyboard_type=1}], hintText=non-empty, hintLocales=[]}}, true)
2026-03-29 21:34:00.343 10537-10618 NebulaeTra...sProcessor com...gle.android.inputmethod.latin  I  NebulaeTrainingCacheMetricsProcessor.processEndSession():659 End training cache session: com.plugadoratomico_757/
2026-03-29 21:34:00.345 10537-10537 AndroidIME              com...gle.android.inputmethod.latin  I  AbstractIme.onActivate():95 LatinIme.onActivate() : EditorInfo = EditorInfo{packageName=com.plugadoratomico, inputType=24001, inputTypeString=Normal[MultiLine|CapSentences], enableLearning=true, autoCorrection=true, autoComplete=true, imeOptions=40000006, privateImeOptions=null, actionName=DONE, actionLabel=null, initialSelStart=0, initialSelEnd=0, initialCapsMode=2000, label=null, fieldId=427, fieldName=null, extras=Bundle[{android.support.text.emoji.emojiCompat_metadataVersion=11, android.support.text.emoji.emojiCompat_replaceAll=false, hand_writing_keyboard_type=1}], hintText=non-empty, hintLocales=[]}, IncognitoMode = false, DeviceLocked = false
2026-03-29 21:34:00.346 10537-10618 NebulaeTra...sProcessor com...gle.android.inputmethod.latin  I  NebulaeTrainingCacheMetricsProcessor.processBeginSession():293 Begin training cache session: com.plugadoratomico_757/
2026-03-29 21:34:00.363  4590-4590  InsetsController        com.plugadoratomico                  D  show(ime(), fromIme=true)
2026-03-29 21:34:00.868  2422-3317  MIUIInput               system_server                        D  [KeyEvent] publisher action:0x0,  keyCode:4 , 82059404,channel '36c9be2 com.plugadoratomico/com.plugadoratomico.MainActivity (server)' 
2026-03-29 21:34:00.870  4590-4590  MIUIInput               com.plugadoratomico                  D  [KeyEvent] ViewRootImpl windowName 'com.plugadoratomico/com.plugadoratomico.MainActivity', KeyEvent { action=ACTION_DOWN, keyCode=KEYCODE_BACK, scanCode=0, metaState=0, flags=0x48, repeatCount=0, eventTime=82059404000000, downTime=82059404000000, deviceId=-1, source=0x101, displayId=0 }, phoneEventTime=21:34:00.798
2026-03-29 21:34:00.872  2422-3317  MIUIInput               system_server                        D  [KeyEvent] publisher action:0x1,  keyCode:4 , 82059471,channel '36c9be2 com.plugadoratomico/com.plugadoratomico.MainActivity (server)' 
2026-03-29 21:34:00.874  4590-4590  MIUIInput               com.plugadoratomico                  D  [KeyEvent] ViewRootImpl windowName 'com.plugadoratomico/com.plugadoratomico.MainActivity', KeyEvent { action=ACTION_UP, keyCode=KEYCODE_BACK, scanCode=0, metaState=0, flags=0x48, repeatCount=0, eventTime=82059471000000, downTime=82059404000000, deviceId=-1, source=0x101, displayId=0 }, phoneEventTime=21:34:00.865
2026-03-29 21:34:00.880  1496-4956  MI-SF                   surfaceflinger                       D  updateScene: module = 270 (Input), value = 0, pkg = com.plugadoratomico, Vrr = 1
2026-03-29 21:34:00.881 10537-10618 NebulaeTra...sProcessor com...gle.android.inputmethod.latin  I  NebulaeTrainingCacheMetricsProcessor.processEndSession():659 End training cache session: com.plugadoratomico_757/
2026-03-29 21:34:01.533  2422-3317  MIUIInput               system_server                        D  [MotionEvent] publisher action=0x0, 82060137, channel '36c9be2 com.plugadoratomico/com.plugadoratomico.MainActivity (server)'
2026-03-29 21:34:01.618  2422-3317  MIUIInput               system_server                        D  [MotionEvent] publisher action=0x1, 82060223, channel '36c9be2 com.plugadoratomico/com.plugadoratomico.MainActivity (server)'
2026-03-29 21:34:02.473  2422-3317  MIUIInput               system_server                        D  [MotionEvent] publisher action=0x0, 82061078, channel '36c9be2 com.plugadoratomico/com.plugadoratomico.MainActivity (server)'
2026-03-29 21:34:02.538  2422-3317  MIUIInput               system_server                        D  [MotionEvent] publisher action=0x1, 82061143, channel '36c9be2 com.plugadoratomico/com.plugadoratomico.MainActivity (server)'
2026-03-29 21:34:03.476  2422-3317  MIUIInput               system_server                        D  [MotionEvent] publisher action=0x0, 82062081, channel '36c9be2 com.plugadoratomico/com.plugadoratomico.MainActivity (server)'
2026-03-29 21:34:03.548  2422-3317  MIUIInput               system_server                        D  [MotionEvent] publisher action=0x1, 82062153, channel '36c9be2 com.plugadoratomico/com.plugadoratomico.MainActivity (server)'
2026-03-29 21:34:04.189  2422-3317  MIUIInput               system_server                        D  [MotionEvent] publisher action=0x0, 82062793, channel '36c9be2 com.plugadoratomico/com.plugadoratomico.MainActivity (server)'
2026-03-29 21:34:04.269  2422-3317  MIUIInput               system_server                        D  [MotionEvent] publisher action=0x1, 82062874, channel '36c9be2 com.plugadoratomico/com.plugadoratomico.MainActivity (server)'
2026-03-29 21:34:05.357  2422-3317  MIUIInput               system_server                        D  [MotionEvent] publisher action=0x0, 82063962, channel '36c9be2 com.plugadoratomico/com.plugadoratomico.MainActivity (server)'
2026-03-29 21:34:05.454  2422-3317  MIUIInput               system_server                        D  [MotionEvent] publisher action=0x1, 82064059, channel '36c9be2 com.plugadoratomico/com.plugadoratomico.MainActivity (server)'
2026-03-29 21:34:05.523  4590-4590  VRI[]                   com.plugadoratomico                  D  vri.reportNextDraw android.view.ViewRootImpl.performTraversals:3893 android.view.ViewRootImpl.doTraversal:2625 android.view.ViewRootImpl$TraversalRunnable.run:9661 android.view.Choreographer$CallbackRecord.run:1524 android.view.Choreographer$CallbackRecord.run:1532 
2026-03-29 21:34:05.524  4590-4590  VRI[]                   com.plugadoratomico                  D  vri.Setup new sync id=0 syncSeqId=0
2026-03-29 21:34:05.527  4590-22429 perf_hint               com.plugadoratomico                  E  Session creation failed, mPreferredRateNanos: -1
2026-03-29 21:34:05.530  4590-4590  VRI[]                   com.plugadoratomico                  D  vri.reportDrawFinished syncSeqId=0 android.view.ViewRootImpl.lambda$createSyncIfNeeded$4$android-view-ViewRootImpl:3961 android.view.ViewRootImpl$$ExternalSyntheticLambda1.run:6 android.os.Handler.handleCallback:942 android.os.Handler.dispatchMessage:99 android.os.Looper.loopOnce:211 
2026-03-29 21:34:06.372  2422-3317  MIUIInput               system_server                        D  [MotionEvent] publisher action=0x0, 82064976, channel '36c9be2 com.plugadoratomico/com.plugadoratomico.MainActivity (server)'
2026-03-29 21:34:06.436  2422-3317  MIUIInput               system_server                        D  [MotionEvent] publisher action=0x1, 82065041, channel '36c9be2 com.plugadoratomico/com.plugadoratomico.MainActivity (server)'
2026-03-29 21:34:06.480  2422-4437  InputManager-JNI        system_server                        W  Input channel object '4809b2e com.plugadoratomico (client)' was disposed without first being removed with the input manager!
2026-03-29 21:34:07.244  2422-3317  MIUIInput               system_server                        D  [MotionEvent] publisher action=0x0, 82065848, channel '36c9be2 com.plugadoratomico/com.plugadoratomico.MainActivity (server)'
2026-03-29 21:34:07.279  2422-3317  MIUIInput               system_server                        D  [MotionEvent] publisher action=0x1, 82065884, channel '36c9be2 com.plugadoratomico/com.plugadoratomico.MainActivity (server)'
2026-03-29 21:34:07.370  4590-22452 unknown:ReactNative     com.plugadoratomico                  W  Attempt to set local data for view with unknown tag: -1
2026-03-29 21:34:07.370  4590-22452 unknown:ReactNative     com.plugadoratomico                  W  Attempt to set local data for view with unknown tag: -1
2026-03-29 21:34:07.370  4590-22452 unknown:ReactNative     com.plugadoratomico                  W  Attempt to set local data for view with unknown tag: -1
2026-03-29 21:34:07.371  4590-22452 unknown:ReactNative     com.plugadoratomico                  W  Attempt to set local data for view with unknown tag: -1
2026-03-29 21:34:07.371  4590-22452 unknown:ReactNative     com.plugadoratomico                  W  Attempt to set local data for view with unknown tag: -1
2026-03-29 21:34:07.371  4590-22452 unknown:ReactNative     com.plugadoratomico                  W  Attempt to set local data for view with unknown tag: -1
2026-03-29 21:34:07.389  4590-22452 HandWritingStubImpl     com.plugadoratomico                  I  refreshLastKeyboardType: 1
2026-03-29 21:34:07.419  4590-4590  unknown:ReactNative     com.plugadoratomico                  W  ReactImageView: Image source "/data/user/0/com.plugadoratomico/files/contact_avatar_path_1774830780689.jpg" doesn't exist
2026-03-29 21:34:08.103  2422-3317  MIUIInput               system_server                        D  [MotionEvent] publisher action=0x0, 82066707, channel '36c9be2 com.plugadoratomico/com.plugadoratomico.MainActivity (server)'
2026-03-29 21:34:08.109  4590-4590  Editor                  com.plugadoratomico                  D  Double tap detection is fail
2026-03-29 21:34:08.166  2422-3317  MIUIInput               system_server                        D  [MotionEvent] publisher action=0x1, 82066771, channel '36c9be2 com.plugadoratomico/com.plugadoratomico.MainActivity (server)'
2026-03-29 21:34:08.190  4590-4590  HandWritingStubImpl     com.plugadoratomico                  I  refreshLastKeyboardType: 1
2026-03-29 21:34:08.191  4590-4590  HandWritingStubImpl     com.plugadoratomico                  I  getCurrentKeyboardType: 1
2026-03-29 21:34:08.194  4590-4590  InputMethodManager      com.plugadoratomico                  D  showSoftInput() view=com.facebook.react.views.textinput.ReactEditText{b943dfc VFED..CL. .F.P..ID 72,648-1148,816 #2b5 aid=1073741899} flags=0 reason=SHOW_SOFT_INPUT
2026-03-29 21:34:08.197  4590-4590  TextView                com.plugadoratomico                  V  sendCursorInfo support:false
2026-03-29 21:34:08.197  1496-4956  MI-SF                   surfaceflinger                       D  updateScene: module = 270 (Input), value = 1, pkg = com.plugadoratomico, Vrr = 1
2026-03-29 21:34:08.202 10537-10537 GoogleInpu...hodService com...gle.android.inputmethod.latin  I  GoogleInputMethodService.onStartInput():1434 onStartInput(EditorInfo{EditorInfo{packageName=com.plugadoratomico, inputType=4001, inputTypeString=Normal[CapSentences], enableLearning=true, autoCorrection=true, autoComplete=true, imeOptions=8000006, privateImeOptions=null, actionName=DONE, actionLabel=null, initialSelStart=3, initialSelEnd=3, initialCapsMode=0, label=null, fieldId=693, fieldName=null, extras=Bundle[mParcelledData.dataSize=308], hintText=non-empty, hintLocales=[]}}, false)
2026-03-29 21:34:08.202  4590-4590  AssistStructure         com.plugadoratomico                  I  Flattened final assist data: 4268 bytes, containing 1 windows, 24 views
2026-03-29 21:34:08.207 10537-10537 GoogleInpu...hodService com...gle.android.inputmethod.latin  I  GoogleInputMethodService.onStartInputView():1519 onStartInputView(EditorInfo{EditorInfo{packageName=com.plugadoratomico, inputType=4001, inputTypeString=Normal[CapSentences], enableLearning=true, autoCorrection=true, autoComplete=true, imeOptions=8000006, privateImeOptions=null, actionName=DONE, actionLabel=null, initialSelStart=3, initialSelEnd=3, initialCapsMode=0, label=null, fieldId=693, fieldName=null, extras=Bundle[{android.support.text.emoji.emojiCompat_metadataVersion=11, android.support.text.emoji.emojiCompat_replaceAll=false, hand_writing_keyboard_type=1}], hintText=non-empty, hintLocales=[]}}, false)
2026-03-29 21:34:08.208 10537-10537 AndroidIME              com...gle.android.inputmethod.latin  I  AbstractIme.onActivate():95 LatinIme.onActivate() : EditorInfo = EditorInfo{packageName=com.plugadoratomico, inputType=4001, inputTypeString=Normal[CapSentences], enableLearning=true, autoCorrection=true, autoComplete=true, imeOptions=8000006, privateImeOptions=null, actionName=DONE, actionLabel=null, initialSelStart=3, initialSelEnd=3, initialCapsMode=0, label=null, fieldId=693, fieldName=null, extras=Bundle[{android.support.text.emoji.emojiCompat_metadataVersion=11, android.support.text.emoji.emojiCompat_replaceAll=false, hand_writing_keyboard_type=1}], hintText=non-empty, hintLocales=[]}, IncognitoMode = false, DeviceLocked = false
2026-03-29 21:34:08.209 10537-10618 NebulaeTra...sProcessor com...gle.android.inputmethod.latin  I  NebulaeTrainingCacheMetricsProcessor.processBeginSession():293 Begin training cache session: com.plugadoratomico_757/
2026-03-29 21:34:08.223  4590-4590  OnBackInvokedCallback   com.plugadoratomico                  W  OnBackInvokedCallback is not enabled for the application.
                                                                                                    Set 'android:enableOnBackInvokedCallback="true"' in the application manifest.
2026-03-29 21:34:08.255  4590-4590  InsetsController        com.plugadoratomico                  D  show(ime(), fromIme=true)
2026-03-29 21:34:09.330  2422-3317  MIUIInput               system_server                        D  [MotionEvent] publisher action=0x0, 82067934, channel '36c9be2 com.plugadoratomico/com.plugadoratomico.MainActivity (server)'
2026-03-29 21:34:09.536  2422-3317  MIUIInput               system_server                        D  [MotionEvent] publisher action=0x1, 82068142, channel '36c9be2 com.plugadoratomico/com.plugadoratomico.MainActivity (server)'
2026-03-29 21:34:09.540  1325-1325  vendor.qti...al-service ven...qti.hardware.perf-hal-service  E  ExtendedPerfBoost: extended_perfboost_verification() 742: Ok, set boost params. hintid=4224 hinttype=1 prio=0, clientpid=2422 packagename=com.plugadoratomico params=boost:1 cpu0:1958400 cpu4:2304000
2026-03-29 21:34:10.120  2422-3317  MIUIInput               system_server                        D  [MotionEvent] publisher action=0x0, 82068725, channel '36c9be2 com.plugadoratomico/com.plugadoratomico.MainActivity (server)'
2026-03-29 21:34:10.334  2422-3317  MIUIInput               system_server                        D  [MotionEvent] publisher action=0x1, 82068939, channel '36c9be2 com.plugadoratomico/com.plugadoratomico.MainActivity (server)'
2026-03-29 21:34:10.336  1325-1325  vendor.qti...al-service ven...qti.hardware.perf-hal-service  E  ExtendedPerfBoost: extended_perfboost_verification() 742: Ok, set boost params. hintid=4224 hinttype=1 prio=0, clientpid=2422 packagename=com.plugadoratomico params=boost:1 cpu0:1958400 cpu4:2304000
2026-03-29 21:34:10.687  2422-3317  MIUIInput               system_server                        D  [MotionEvent] publisher action=0x0, 82069292, channel '36c9be2 com.plugadoratomico/com.plugadoratomico.MainActivity (server)'
2026-03-29 21:34:10.692  4590-4590  Editor                  com.plugadoratomico                  D  Double tap detection is fail
2026-03-29 21:34:10.752  2422-3317  MIUIInput               system_server                        D  [MotionEvent] publisher action=0x1, 82069357, channel '36c9be2 com.plugadoratomico/com.plugadoratomico.MainActivity (server)'
2026-03-29 21:34:10.765  4590-4590  HandWritingStubImpl     com.plugadoratomico                  I  refreshLastKeyboardType: 1
2026-03-29 21:34:10.766  4590-4590  HandWritingStubImpl     com.plugadoratomico                  I  getCurrentKeyboardType: 1
2026-03-29 21:34:10.769  4590-4590  InputMethodManager      com.plugadoratomico                  D  showSoftInput() view=com.facebook.react.views.textinput.ReactEditText{d822b32 VFED..CL. .F.P..ID 72,2103-1148,2271 #2ed aid=1073741900} flags=0 reason=SHOW_SOFT_INPUT
2026-03-29 21:34:10.772  4590-4590  TextView                com.plugadoratomico                  V  sendCursorInfo support:false
2026-03-29 21:34:10.775  4590-4590  RemoteInpu...ectionImpl com.plugadoratomico                  W  requestCursorAnchorInfo on inactive InputConnection
2026-03-29 21:34:10.800 10537-10618 NebulaeTra...sProcessor com...gle.android.inputmethod.latin  I  NebulaeTrainingCacheMetricsProcessor.processEndSession():659 End training cache session: com.plugadoratomico_757/
2026-03-29 21:34:10.802 10537-10537 GoogleInpu...hodService com...gle.android.inputmethod.latin  I  GoogleInputMethodService.onStartInput():1434 onStartInput(EditorInfo{EditorInfo{packageName=com.plugadoratomico, inputType=4001, inputTypeString=Normal[CapSentences], enableLearning=true, autoCorrection=true, autoComplete=true, imeOptions=4000006, privateImeOptions=null, actionName=DONE, actionLabel=null, initialSelStart=9, initialSelEnd=9, initialCapsMode=0, label=null, fieldId=749, fieldName=null, extras=Bundle[mParcelledData.dataSize=308], hintText=non-empty, hintLocales=[]}}, false)
2026-03-29 21:34:10.803 10537-10537 GoogleInpu...hodService com...gle.android.inputmethod.latin  I  GoogleInputMethodService.onStartInputView():1519 onStartInputView(EditorInfo{EditorInfo{packageName=com.plugadoratomico, inputType=4001, inputTypeString=Normal[CapSentences], enableLearning=true, autoCorrection=true, autoComplete=true, imeOptions=4000006, privateImeOptions=null, actionName=DONE, actionLabel=null, initialSelStart=9, initialSelEnd=9, initialCapsMode=0, label=null, fieldId=749, fieldName=null, extras=Bundle[{android.support.text.emoji.emojiCompat_metadataVersion=11, android.support.text.emoji.emojiCompat_replaceAll=false, hand_writing_keyboard_type=1}], hintText=non-empty, hintLocales=[]}}, false)
2026-03-29 21:34:10.804 10537-10537 AndroidIME              com...gle.android.inputmethod.latin  I  AbstractIme.onActivate():95 LatinIme.onActivate() : EditorInfo = EditorInfo{packageName=com.plugadoratomico, inputType=4001, inputTypeString=Normal[CapSentences], enableLearning=true, autoCorrection=true, autoComplete=true, imeOptions=4000006, privateImeOptions=null, actionName=DONE, actionLabel=null, initialSelStart=9, initialSelEnd=9, initialCapsMode=0, label=null, fieldId=749, fieldName=null, extras=Bundle[{android.support.text.emoji.emojiCompat_metadataVersion=11, android.support.text.emoji.emojiCompat_replaceAll=false, hand_writing_keyboard_type=1}], hintText=non-empty, hintLocales=[]}, IncognitoMode = false, DeviceLocked = false
2026-03-29 21:34:10.807 10537-10618 NebulaeTra...sProcessor com...gle.android.inputmethod.latin  I  NebulaeTrainingCacheMetricsProcessor.processBeginSession():293 Begin training cache session: com.plugadoratomico_757/
2026-03-29 21:34:10.823  4590-4590  OnBackInvokedCallback   com.plugadoratomico                  W  OnBackInvokedCallback is not enabled for the application.
                                                                                                    Set 'android:enableOnBackInvokedCallback="true"' in the application manifest.
2026-03-29 21:34:10.823  4590-4590  InsetsController        com.plugadoratomico                  D  show(ime(), fromIme=true)
2026-03-29 21:34:10.832  4590-4590  InsetsController        com.plugadoratomico                  D  show(ime(), fromIme=true)
2026-03-29 21:34:12.018  2422-3317  MIUIInput               system_server                        D  [MotionEvent] publisher action=0x0, 82070622, channel '36c9be2 com.plugadoratomico/com.plugadoratomico.MainActivity (server)'
2026-03-29 21:34:12.261  2422-3317  MIUIInput               system_server                        D  [MotionEvent] publisher action=0x1, 82070866, channel '36c9be2 com.plugadoratomico/com.plugadoratomico.MainActivity (server)'
2026-03-29 21:34:12.265  1325-1325  vendor.qti...al-service ven...qti.hardware.perf-hal-service  E  ExtendedPerfBoost: extended_perfboost_verification() 742: Ok, set boost params. hintid=4224 hinttype=1 prio=0, clientpid=2422 packagename=com.plugadoratomico params=boost:1 cpu0:1958400 cpu4:2304000
2026-03-29 21:34:13.007  2422-3317  MIUIInput               system_server                        D  [MotionEvent] publisher action=0x0, 82071611, channel '36c9be2 com.plugadoratomico/com.plugadoratomico.MainActivity (server)'
2026-03-29 21:34:13.067  2422-3317  MIUIInput               system_server                        D  [MotionEvent] publisher action=0x1, 82071672, channel '36c9be2 com.plugadoratomico/com.plugadoratomico.MainActivity (server)'
2026-03-29 21:34:13.092  1496-1666  MI-SF                   surfaceflinger                       D  updateScene: module = 270 (Input), value = 0, pkg = com.plugadoratomico, Vrr = 1
2026-03-29 21:34:13.123 10537-10618 NebulaeTra...sProcessor com...gle.android.inputmethod.latin  I  NebulaeTrainingCacheMetricsProcessor.processEndSession():659 End training cache session: com.plugadoratomico_757/
2026-03-29 21:34:14.316  2422-3317  MIUIInput               system_server                        D  [MotionEvent] publisher action=0x0, 82072921, channel '36c9be2 com.plugadoratomico/com.plugadoratomico.MainActivity (server)'
2026-03-29 21:34:14.393  2422-3317  MIUIInput               system_server                        D  [MotionEvent] publisher action=0x1, 82072998, channel '36c9be2 com.plugadoratomico/com.plugadoratomico.MainActivity (server)'
2026-03-29 21:34:14.444  4590-4590  OnBackInvokedCallback   com.plugadoratomico                  W  OnBackInvokedCallback is not enabled for the application.
                                                                                                    Set 'android:enableOnBackInvokedCallback="true"' in the application manifest.
2026-03-29 21:34:14.446  4590-4590  IS_CTS_MODE             com.plugadoratomico                  D  false
2026-03-29 21:34:14.446  4590-4590  MULTI_WINDOW_ENABLED    com.plugadoratomico                  D  false
2026-03-29 21:34:14.492  4590-4590  VRI[MainActivity]       com.plugadoratomico                  D  vri.reportNextDraw android.view.ViewRootImpl.performTraversals:3893 android.view.ViewRootImpl.doTraversal:2625 android.view.ViewRootImpl$TraversalRunnable.run:9661 android.view.Choreographer$CallbackRecord.run:1524 android.view.Choreographer$CallbackRecord.run:1532 
2026-03-29 21:34:14.492  4590-4590  VRI[MainActivity]       com.plugadoratomico                  D  vri.Setup new sync id=0 syncSeqId=0
2026-03-29 21:34:14.493  1496-4520  SurfaceFlinger          surfaceflinger                       I  sf.setTransactionState focusRequest transactionId:10402410976636 frontWin:3f2ca31 com.plugadoratomico/com.plugadoratomico.MainActivity
2026-03-29 21:34:14.497  4590-22429 perf_hint               com.plugadoratomico                  E  Session creation failed, mPreferredRateNanos: -1
2026-03-29 21:34:14.498  4590-4590  VRI[MainActivity]       com.plugadoratomico                  D  vri.reportDrawFinished syncSeqId=0 android.view.ViewRootImpl.lambda$createSyncIfNeeded$4$android-view-ViewRootImpl:3961 android.view.ViewRootImpl$$ExternalSyntheticLambda1.run:6 android.os.Handler.handleCallback:942 android.os.Handler.dispatchMessage:99 android.os.Looper.loopOnce:211 
2026-03-29 21:34:14.502  1496-2352  SurfaceFlinger          surfaceflinger                       D  updateInputFlinger::setFocusedWindow: windowName=3f2ca31 com.plugadoratomico/com.plugadoratomico.MainActivity focusRequests.size=1
2026-03-29 21:34:14.505  4590-4590  DecorView[]             com.plugadoratomico                  D  onWindowFocusChanged hasWindowFocus false
2026-03-29 21:34:14.535  4590-4590  DecorView[]             com.plugadoratomico                  D  onWindowFocusChanged hasWindowFocus true
2026-03-29 21:34:15.025  2422-3317  MIUIInput               system_server                        D  [MotionEvent] publisher action=0x0, 82073629, channel '3f2ca31 com.plugadoratomico/com.plugadoratomico.MainActivity (server)'
2026-03-29 21:34:15.044  2422-3317  MIUIInput               system_server                        D  [MotionEvent] publisher action=0x1, 82073649, channel '3f2ca31 com.plugadoratomico/com.plugadoratomico.MainActivity (server)'
2026-03-29 21:34:15.045  1325-1325  vendor.qti...al-service ven...qti.hardware.perf-hal-service  E  ExtendedPerfBoost: extended_perfboost_verification() 742: Ok, set boost params. hintid=4224 hinttype=1 prio=0, clientpid=2422 packagename=com.plugadoratomico params=boost:1 cpu0:1958400 cpu4:2304000
2026-03-29 21:34:15.360  2422-3317  MIUIInput               system_server                        D  [MotionEvent] publisher action=0x0, 82073964, channel '3f2ca31 com.plugadoratomico/com.plugadoratomico.MainActivity (server)'
2026-03-29 21:34:15.399  2422-3317  MIUIInput               system_server                        D  [MotionEvent] publisher action=0x1, 82074005, channel '3f2ca31 com.plugadoratomico/com.plugadoratomico.MainActivity (server)'
2026-03-29 21:34:15.426  4590-22429 OpenGLRenderer          com.plugadoratomico                  D  endAllActiveAnimators on 0xb400007595b92000 (RippleDrawable) with handle 0xb40000743b0ffdc0
2026-03-29 21:34:15.427  2422-5041  InputManager-JNI        system_server                        W  Input channel object '3f2ca31 com.plugadoratomico/com.plugadoratomico.MainActivity (client)' was disposed without first being removed with the input manager!
2026-03-29 21:34:15.440  4590-4590  OnBackInvokedCallback   com.plugadoratomico                  W  OnBackInvokedCallback is not enabled for the application.
                                                                                                    Set 'android:enableOnBackInvokedCallback="true"' in the application manifest.
2026-03-29 21:34:15.444  1496-4520  SurfaceFlinger          surfaceflinger                       I  sf.setTransactionState focusRequest transactionId:10402410976681 frontWin:36c9be2 com.plugadoratomico/com.plugadoratomico.MainActivity
2026-03-29 21:34:15.453  1496-2352  SurfaceFlinger          surfaceflinger                       D  updateInputFlinger::setFocusedWindow: windowName=36c9be2 com.plugadoratomico/com.plugadoratomico.MainActivity focusRequests.size=1
2026-03-29 21:34:15.455  4590-4590  DecorView[]             com.plugadoratomico                  D  onWindowFocusChanged hasWindowFocus true
2026-03-29 21:34:15.455  4590-4590  HandWritingStubImpl     com.plugadoratomico                  I  refreshLastKeyboardType: 1
2026-03-29 21:34:15.455  4590-4590  HandWritingStubImpl     com.plugadoratomico                  I  getCurrentKeyboardType: 1
2026-03-29 21:34:15.457 10537-10537 GoogleInpu...hodService com...gle.android.inputmethod.latin  I  GoogleInputMethodService.onStartInput():1434 onStartInput(EditorInfo{EditorInfo{packageName=com.plugadoratomico, inputType=0, inputTypeString=NULL, enableLearning=false, autoCorrection=false, autoComplete=false, imeOptions=0, privateImeOptions=null, actionName=UNSPECIFIED, actionLabel=null, initialSelStart=-1, initialSelEnd=-1, initialCapsMode=0, label=null, fieldId=-1, fieldName=null, extras=Bundle[mParcelledData.dataSize=72], hintText=null, hintLocales=[]}}, false)
2026-03-29 21:34:15.892  2422-3317  MIUIInput               system_server                        D  [MotionEvent] publisher action=0x0, 82074496, channel '36c9be2 com.plugadoratomico/com.plugadoratomico.MainActivity (server)'
2026-03-29 21:34:15.952  2422-3317  MIUIInput               system_server                        D  [MotionEvent] publisher action=0x1, 82074557, channel '36c9be2 com.plugadoratomico/com.plugadoratomico.MainActivity (server)'
2026-03-29 21:34:15.991  9559-10728 PerfEngineController    com.miui.powerkeeper                 D  ForegroundInfo{mForegroundPackageName='com.google.android.photopicker', mForegroundUid=10290, mForegroundPid=4591, mLastForegroundPackageName='com.plugadoratomico', mLastForegroundUid=10356, mLastForegroundPid=4590, mMultiWindowForegroundPackageName='com.google.android.photopicker', mMultiWindowForegroundUid=10290, mFlags=0}
2026-03-29 21:34:15.991  8710-8938  AppObserver             com.mi.android.globallauncher        D  ForegroundInfo{mForegroundPackageName='com.google.android.photopicker', mForegroundUid=10290, mForegroundPid=4591, mLastForegroundPackageName='com.plugadoratomico', mLastForegroundUid=10356, mLastForegroundPid=4590, mMultiWindowForegroundPackageName='com.google.android.photopicker', mMultiWindowForegroundUid=10290, mFlags=0}
2026-03-29 21:34:15.991  7525-7549  ProcessMonitor          com.miui.securitycenter.remote       I  onForegroundInfoChanged: ForegroundInfo{mForegroundPackageName='com.google.android.photopicker', mForegroundUid=10290, mForegroundPid=4591, mLastForegroundPackageName='com.plugadoratomico', mLastForegroundUid=10356, mLastForegroundPid=4590, mMultiWindowForegroundPackageName='com.google.android.photopicker', mMultiWindowForegroundUid=10290, mFlags=0}
2026-03-29 21:34:15.991 18688-12086 ProcessMonitor          com.miui.securitycenter.remote       I  onForegroundInfoChanged: ForegroundInfo{mForegroundPackageName='com.google.android.photopicker', mForegroundUid=10290, mForegroundPid=4591, mLastForegroundPackageName='com.plugadoratomico', mLastForegroundUid=10356, mLastForegroundPid=4590, mMultiWindowForegroundPackageName='com.google.android.photopicker', mMultiWindowForegroundUid=10290, mFlags=0}
2026-03-29 21:34:15.992  7525-7549  GameBoosterService      com.miui.securitycenter.remote       I  onForegroundInfoChanged: Cur=com.google.android.photopicker	 last=com.plugadoratomico
2026-03-29 21:34:15.992  7525-7549  GameBoosterService      com.miui.securitycenter.remote       D  onGameStatusChange foreground:ForegroundInfo{mForegroundPackageName='com.google.android.photopicker', mForegroundUid=10290, mForegroundPid=4591, mLastForegroundPackageName='com.plugadoratomico', mLastForegroundUid=10356, mLastForegroundPid=4590, mMultiWindowForegroundPackageName='com.google.android.photopicker', mMultiWindowForegroundUid=10290, mFlags=0}
2026-03-29 21:34:15.994  7525-7549  BeautyService           com.miui.securitycenter.remote       I  onForegroundInfoChanged: Cur=com.google.android.photopicker	 last=com.plugadoratomico
2026-03-29 21:34:15.995 10085-16210 AppObserver             com.mi.android.globallauncher        D  ForegroundInfo{mForegroundPackageName='com.google.android.photopicker', mForegroundUid=10290, mForegroundPid=4591, mLastForegroundPackageName='com.plugadoratomico', mLastForegroundUid=10356, mLastForegroundPid=4590, mMultiWindowForegroundPackageName='com.google.android.photopicker', mMultiWindowForegroundUid=10290, mFlags=0}
2026-03-29 21:34:15.996  9596-10764 GST                     com.xiaomi.joyose                    I  forePkg: com.google.android.photopicker, preForePkg: com.plugadoratomico
2026-03-29 21:34:15.999  9596-10764 GID                     com.xiaomi.joyose                    I  PKG: com.plugadoratomico IG ? false
2026-03-29 21:34:16.001  9596-10764 GID                     com.xiaomi.joyose                    I  PKG: com.plugadoratomico IG ? false
2026-03-29 21:34:16.005  4590-4590  DecorView[]             com.plugadoratomico                  D  onWindowFocusChanged hasWindowFocus false
2026-03-29 21:34:16.024  4591-4591  Photopicke...ureManager usap64                               D  Beginning feature initialization with config: PhotopickerConfiguration(runtimeEnv=ACTIVITY, action=android.provider.action.PICK_IMAGES, callingPackage=com.plugadoratomico, callingPackageUid=10356, callingPackageLabel=Plugador Atômico, callingPackageMediaCapabilities=null, accentColor=null, mimeTypes=[image/*], pickImagesInOrder=false, selectionLimit=1, startDestination=DEFAULT, preSelectedUris=null, highlightQueryResultsParams=HighlightQueryResultsParams(queryResultsHighlightType=UNSET_HIGHLIGHT_TYPE, queryResultsHighlightQuery=Search(searchQuery=)), deviceIsDebuggable=false, flags=PhotopickerFlags(CLOUD_ALLOWED_PROVIDERS=[com.google.android.apps.photos], CLOUD_ENFORCE_PROVIDER_ALLOWLIST=true, CLOUD_MEDIA_ENABLED=true, PRIVATE_SPACE_ENABLED=true, MANAGED_SELECTION_ENABLED=true, PICKER_SEARCH_ENABLED=true, PICKER_DATESCRUBBER_ENABLED=false, PICKER_TRANSCODING_ENABLED=true, PICKER_HIGHLIGHT_MEDIA_FEATURE_ENABLED=true, OWNED_PHOTOS_ENABLED=true, MEDIA_GRID_TOUCH_FEATURES_ENABLED=true), sessionId=58802, intent=Intent { act=android.provider.action.PICK_IMAGES typ=image/* flg=0x800000 cmp=com.google.android.photopicker/com.android.photopicker.MainActivity })
2026-03-29 21:34:16.098 10085-10409 RecentsModel            com.mi.android.globallauncher        W  getRunningTask   taskInfo=TaskInfo{userId=0 taskId=456 displayId=0 isRunning=true baseIntent=Intent { act=android.intent.action.MAIN cat=[android.intent.category.LAUNCHER] flg=0x10200000 cmp=com.plugadoratomico/.MainActivity } baseActivity=ComponentInfo{com.plugadoratomico/com.plugadoratomico.MainActivity} topActivity=ComponentInfo{com.google.android.photopicker/com.android.photopicker.MainActivity} origActivity=null realActivity=ComponentInfo{com.plugadoratomico/com.plugadoratomico.MainActivity} numActivities=2 lastActiveTime=109904517 supportsSplitScreenMultiWindow=true supportsMultiWindow=true resizeMode=1 isResizeable=true minWidth=-1 minHeight=-1 defaultMinSize=200 token=WCT{android.window.IWindowContainerToken$Stub$Proxy@e35d07b} topActivityType=1 pictureInPictureParams=null shouldDockBigOverlays=false launchIntoPipHostTaskId=0 displayCutoutSafeInsets=null topActivityInfo=ActivityInfo{c916e98 com.android.photopicker.MainActivity} launchCookies=[] positionInParent=Point(0, 0) parentTaskId=-1 isFocused=true isVisible=true isSleeping=false topActivityInSizeCompat=false topActivityInMiuiSizeCompat=false topActivityEligibleForLetterboxEducation= false locusId=null displayAreaFeatureId=1 cameraCompatControlState=hidden mIsCastMode=false}
2026-03-29 21:34:16.098 10085-10409 RecentsModel            com.mi.android.globallauncher        W  getTaskInfoIgnoreHomeAndFreeform   taskInfo=ComponentInfo{com.plugadoratomico/com.plugadoratomico.MainActivity}
2026-03-29 21:34:16.101  8710-10408 RecentsModel            com.mi.android.globallauncher        W  getRunningTask   taskInfo=TaskInfo{userId=0 taskId=456 displayId=0 isRunning=true baseIntent=Intent { act=android.intent.action.MAIN cat=[android.intent.category.LAUNCHER] flg=0x10200000 cmp=com.plugadoratomico/.MainActivity } baseActivity=ComponentInfo{com.plugadoratomico/com.plugadoratomico.MainActivity} topActivity=ComponentInfo{com.google.android.photopicker/com.android.photopicker.MainActivity} origActivity=null realActivity=ComponentInfo{com.plugadoratomico/com.plugadoratomico.MainActivity} numActivities=2 lastActiveTime=109904523 supportsSplitScreenMultiWindow=true supportsMultiWindow=true resizeMode=1 isResizeable=true minWidth=-1 minHeight=-1 defaultMinSize=200 token=WCT{android.window.IWindowContainerToken$Stub$Proxy@eb67732} topActivityType=1 pictureInPictureParams=null shouldDockBigOverlays=false launchIntoPipHostTaskId=0 displayCutoutSafeInsets=null topActivityInfo=ActivityInfo{eae2c83 com.android.photopicker.MainActivity} launchCookies=[] positionInParent=Point(0, 0) parentTaskId=-1 isFocused=true isVisible=true isSleeping=false topActivityInSizeCompat=false topActivityInMiuiSizeCompat=false topActivityEligibleForLetterboxEducation= false locusId=null displayAreaFeatureId=1 cameraCompatControlState=hidden mIsCastMode=false}
2026-03-29 21:34:16.101  8710-10408 RecentsModel            com.mi.android.globallauncher        W  getTaskInfoIgnoreHomeAndFreeform   taskInfo=ComponentInfo{com.plugadoratomico/com.plugadoratomico.MainActivity}
2026-03-29 21:34:16.108  8710-10408 ActivityManagerWrapper  com.mi.android.globallauncher        E  getRecentTasks: mainTaskId=456   userId=0   baseIntent=Intent { act=android.intent.action.MAIN flag=270532608 cmp=ComponentInfo{com.plugadoratomico/com.plugadoratomico.MainActivity} }
2026-03-29 21:34:16.115  8710-10408 RecentsModel            com.mi.android.globallauncher        W  getRunningTask   taskInfo=TaskInfo{userId=0 taskId=456 displayId=0 isRunning=true baseIntent=Intent { act=android.intent.action.MAIN cat=[android.intent.category.LAUNCHER] flg=0x10200000 cmp=com.plugadoratomico/.MainActivity } baseActivity=ComponentInfo{com.plugadoratomico/com.plugadoratomico.MainActivity} topActivity=ComponentInfo{com.google.android.photopicker/com.android.photopicker.MainActivity} origActivity=null realActivity=ComponentInfo{com.plugadoratomico/com.plugadoratomico.MainActivity} numActivities=2 lastActiveTime=109904538 supportsSplitScreenMultiWindow=true supportsMultiWindow=true resizeMode=1 isResizeable=true minWidth=-1 minHeight=-1 defaultMinSize=200 token=WCT{android.window.IWindowContainerToken$Stub$Proxy@20b0e00} topActivityType=1 pictureInPictureParams=null shouldDockBigOverlays=false launchIntoPipHostTaskId=0 displayCutoutSafeInsets=null topActivityInfo=ActivityInfo{f92639 com.android.photopicker.MainActivity} launchCookies=[] positionInParent=Point(0, 0) parentTaskId=-1 isFocused=true isVisible=true isSleeping=false topActivityInSizeCompat=false topActivityInMiuiSizeCompat=false topActivityEligibleForLetterboxEducation= false locusId=null displayAreaFeatureId=1 cameraCompatControlState=hidden mIsCastMode=false}
2026-03-29 21:34:16.115  8710-10408 RecentsModel            com.mi.android.globallauncher        W  getTaskInfoIgnoreHomeAndFreeform   taskInfo=ComponentInfo{com.plugadoratomico/com.plugadoratomico.MainActivity}
2026-03-29 21:34:16.120  8710-10408 ActivityManagerWrapper  com.mi.android.globallauncher        E  getRecentTasks: mainTaskId=456   userId=0   baseIntent=Intent { act=android.intent.action.MAIN flag=270532608 cmp=ComponentInfo{com.plugadoratomico/com.plugadoratomico.MainActivity} }
2026-03-29 21:34:18.688  2422-4929  PerfStubImpl            system_server                        D  perfWarmLaunchBoost: com.plugadoratomico, -1, 2
2026-03-29 21:34:18.700  4590-4590  ActivityThread          com.plugadoratomico                  E   fail in deliverResultsIfNeeded java.lang.NullPointerException: Attempt to invoke virtual method 'java.lang.String android.os.Bundle.getString(java.lang.String)' on a null object reference
2026-03-29 21:34:18.715  1496-4956  SurfaceFlinger          surfaceflinger                       I  sf.setTransactionState focusRequest transactionId:10402410976770 frontWin:36c9be2 com.plugadoratomico/com.plugadoratomico.MainActivity
2026-03-29 21:34:18.717  9559-14896 PerfEngineController    com.miui.powerkeeper                 D  ForegroundInfo{mForegroundPackageName='com.plugadoratomico', mForegroundUid=10356, mForegroundPid=4590, mLastForegroundPackageName='com.google.android.photopicker', mLastForegroundUid=10290, mLastForegroundPid=4591, mMultiWindowForegroundPackageName='com.plugadoratomico', mMultiWindowForegroundUid=10356, mFlags=0}
2026-03-29 21:34:18.718 18688-18884 ProcessMonitor          com.miui.securitycenter.remote       I  onForegroundInfoChanged: ForegroundInfo{mForegroundPackageName='com.plugadoratomico', mForegroundUid=10356, mForegroundPid=4590, mLastForegroundPackageName='com.google.android.photopicker', mLastForegroundUid=10290, mLastForegroundPid=4591, mMultiWindowForegroundPackageName='com.plugadoratomico', mMultiWindowForegroundUid=10356, mFlags=0}
2026-03-29 21:34:18.719  1496-2352  SurfaceFlinger          surfaceflinger                       D  updateInputFlinger::setFocusedWindow: windowName=36c9be2 com.plugadoratomico/com.plugadoratomico.MainActivity focusRequests.size=1
2026-03-29 21:34:18.719  8710-8729  AppObserver             com.mi.android.globallauncher        D  ForegroundInfo{mForegroundPackageName='com.plugadoratomico', mForegroundUid=10356, mForegroundPid=4590, mLastForegroundPackageName='com.google.android.photopicker', mLastForegroundUid=10290, mLastForegroundPid=4591, mMultiWindowForegroundPackageName='com.plugadoratomico', mMultiWindowForegroundUid=10356, mFlags=0}
2026-03-29 21:34:18.718  7525-7549  ProcessMonitor          com.miui.securitycenter.remote       I  onForegroundInfoChanged: ForegroundInfo{mForegroundPackageName='com.plugadoratomico', mForegroundUid=10356, mForegroundPid=4590, mLastForegroundPackageName='com.google.android.photopicker', mLastForegroundUid=10290, mLastForegroundPid=4591, mMultiWindowForegroundPackageName='com.plugadoratomico', mMultiWindowForegroundUid=10356, mFlags=0}
2026-03-29 21:34:18.720 10085-16210 AppObserver             com.mi.android.globallauncher        D  ForegroundInfo{mForegroundPackageName='com.plugadoratomico', mForegroundUid=10356, mForegroundPid=4590, mLastForegroundPackageName='com.google.android.photopicker', mLastForegroundUid=10290, mLastForegroundPid=4591, mMultiWindowForegroundPackageName='com.plugadoratomico', mMultiWindowForegroundUid=10356, mFlags=0}
2026-03-29 21:34:18.720  9596-10764 GID                     com.xiaomi.joyose                    I  PKG: com.plugadoratomico IG ? false
2026-03-29 21:34:18.721  9596-10764 GST                     com.xiaomi.joyose                    I  forePkg: com.plugadoratomico, preForePkg: com.google.android.photopicker
2026-03-29 21:34:18.721  7525-7549  GameBoosterService      com.miui.securitycenter.remote       I  onForegroundInfoChanged: Cur=com.plugadoratomico	 last=com.google.android.photopicker
2026-03-29 21:34:18.726  7525-7549  GameBoosterService      com.miui.securitycenter.remote       D  onGameStatusChange foreground:ForegroundInfo{mForegroundPackageName='com.plugadoratomico', mForegroundUid=10356, mForegroundPid=4590, mLastForegroundPackageName='com.google.android.photopicker', mLastForegroundUid=10290, mLastForegroundPid=4591, mMultiWindowForegroundPackageName='com.plugadoratomico', mMultiWindowForegroundUid=10356, mFlags=0}
2026-03-29 21:34:18.726  7525-7549  BeautyService           com.miui.securitycenter.remote       I  onForegroundInfoChanged: Cur=com.plugadoratomico	 last=com.google.android.photopicker
2026-03-29 21:34:18.727 10085-10085 RecentsImpl             com.mi.android.globallauncher        D  mActivityStateObserver com.plugadoratomico.MainActivity
2026-03-29 21:34:18.728  8710-8710  RecentsImpl             com.mi.android.globallauncher        D  mActivityStateObserver com.plugadoratomico.MainActivity
2026-03-29 21:34:18.728  8710-8710  RecentsImpl             com.mi.android.globallauncher        W  onResumed className=com.plugadoratomico.MainActivity   mIsInAnotherPro=false   isKeyguardLocked=false   mSecuritySpaceGuideShown=false
2026-03-29 21:34:18.729 10085-10085 RecentsImpl             com.mi.android.globallauncher        W  onResumed className=com.plugadoratomico.MainActivity   mIsInAnotherPro=true   isKeyguardLocked=false   mSecuritySpaceGuideShown=false
2026-03-29 21:34:18.729  9596-10764 GID                     com.xiaomi.joyose                    I  PKG: com.plugadoratomico IG ? false
2026-03-29 21:34:18.731  9596-10764 GID                     com.xiaomi.joyose                    I  PKG: com.plugadoratomico IG ? false
2026-03-29 21:34:18.733  4590-24375 unknown:Re...gWebSocket com.plugadoratomico                  W  Couldn't connect to "ws://localhost:8081/message?device=23122PCD1G%20-%2013%20-%20API%2033&app=com.plugadoratomico&clientid=BridgeDevSupportManager", will silently retry
2026-03-29 21:34:18.738  4590-4590  DecorView[]             com.plugadoratomico                  D  onWindowFocusChanged hasWindowFocus true
2026-03-29 21:34:18.739  4590-4590  HandWritingStubImpl     com.plugadoratomico                  I  refreshLastKeyboardType: 1
2026-03-29 21:34:18.739  4590-4590  HandWritingStubImpl     com.plugadoratomico                  I  getCurrentKeyboardType: 1
2026-03-29 21:34:18.744 10537-10537 GoogleInpu...hodService com...gle.android.inputmethod.latin  I  GoogleInputMethodService.onStartInput():1434 onStartInput(EditorInfo{EditorInfo{packageName=com.plugadoratomico, inputType=0, inputTypeString=NULL, enableLearning=false, autoCorrection=false, autoComplete=false, imeOptions=0, privateImeOptions=null, actionName=UNSPECIFIED, actionLabel=null, initialSelStart=-1, initialSelEnd=-1, initialCapsMode=0, label=null, fieldId=-1, fieldName=null, extras=Bundle[mParcelledData.dataSize=72], hintText=null, hintLocales=[]}}, false)
