2026-03-29 21:34:24.059  8710-10408 RecentsModel            com.mi.android.globallauncher        W  getRunningTask   taskInfo=TaskInfo{userId=0 taskId=456 displayId=0 isRunning=true baseIntent=Intent { act=android.intent.action.MAIN cat=[android.intent.category.LAUNCHER] flg=0x10200000 cmp=com.plugadoratomico/.MainActivity } baseActivity=ComponentInfo{com.plugadoratomico/com.plugadoratomico.MainActivity} topActivity=ComponentInfo{com.plugadoratomico/com.plugadoratomico.MainActivity} origActivity=null realActivity=ComponentInfo{com.plugadoratomico/com.plugadoratomico.MainActivity} numActivities=1 lastActiveTime=109912481 supportsSplitScreenMultiWindow=true supportsMultiWindow=true resizeMode=1 isResizeable=true minWidth=-1 minHeight=-1 defaultMinSize=200 token=WCT{android.window.IWindowContainerToken$Stub$Proxy@e03565c} topActivityType=1 pictureInPictureParams=null shouldDockBigOverlays=false launchIntoPipHostTaskId=0 displayCutoutSafeInsets=Rect(0, 104 - 0, 0) topActivityInfo=ActivityInfo{2e3fd65 com.plugadoratomico.MainActivity} launchCookies=[] positionInParent=Point(0, 0) parentTaskId=-1 isFocused=true isVisible=true isSleeping=false topActivityInSizeCompat=false topActivityInMiuiSizeCompat=false topActivityEligibleForLetterboxEducation= false locusId=null displayAreaFeatureId=1 cameraCompatControlState=hidden mIsCastMode=false}
2026-03-29 21:34:24.059  8710-10408 RecentsModel            com.mi.android.globallauncher        W  getTaskInfoIgnoreHomeAndFreeform   taskInfo=ComponentInfo{com.plugadoratomico/com.plugadoratomico.MainActivity}
2026-03-29 21:34:24.065  8710-10408 ActivityManagerWrapper  com.mi.android.globallauncher        E  getRecentTasks: mainTaskId=456   userId=0   baseIntent=Intent { act=android.intent.action.MAIN flag=270532608 cmp=ComponentInfo{com.plugadoratomico/com.plugadoratomico.MainActivity} }
2026-03-29 21:34:24.088  4590-4590  unknown:ReactNative     com.plugadoratomico                  W  ReactImageView: Image source "/data/user/0/com.plugadoratomico/files/my_avatar_path_1774830864067.jpg" doesn't exist
2026-03-29 21:34:25.312  2422-3317  MIUIInput               system_server                        D  [MotionEvent] publisher action=0x0, 82083916, channel '36c9be2 com.plugadoratomico/com.plugadoratomico.MainActivity (server)'
2026-03-29 21:34:25.416  2422-3317  MIUIInput               system_server                        D  [MotionEvent] publisher action=0x1, 82084021, channel '36c9be2 com.plugadoratomico/com.plugadoratomico.MainActivity (server)'
2026-03-29 21:34:25.417  1325-1325  vendor.qti...al-service ven...qti.hardware.perf-hal-service  E  ExtendedPerfBoost: extended_perfboost_verification() 742: Ok, set boost params. hintid=4224 hinttype=1 prio=0, clientpid=2422 packagename=com.plugadoratomico params=boost:1 cpu0:1958400 cpu4:2304000
2026-03-29 21:34:26.354  2422-3317  MIUIInput               system_server                        D  [MotionEvent] publisher action=0x0, 82084959, channel '36c9be2 com.plugadoratomico/com.plugadoratomico.MainActivity (server)'
2026-03-29 21:34:26.460  2422-3317  MIUIInput               system_server                        D  [MotionEvent] publisher action=0x1, 82085064, channel '36c9be2 com.plugadoratomico/com.plugadoratomico.MainActivity (server)'
2026-03-29 21:34:26.508  4590-4590  OnBackInvokedCallback   com.plugadoratomico                  W  OnBackInvokedCallback is not enabled for the application.
                                                                                                    Set 'android:enableOnBackInvokedCallback="true"' in the application manifest.
2026-03-29 21:34:26.509  4590-4590  IS_CTS_MODE             com.plugadoratomico                  D  false
2026-03-29 21:34:26.509  4590-4590  MULTI_WINDOW_ENABLED    com.plugadoratomico                  D  false
2026-03-29 21:34:26.548  1496-1665  SurfaceFlinger          surfaceflinger                       I  sf.setTransactionState focusRequest transactionId:10402410977024 frontWin:6e7f096 com.plugadoratomico/com.plugadoratomico.MainActivity
2026-03-29 21:34:26.552  4590-4590  VRI[MainActivity]       com.plugadoratomico                  D  vri.reportNextDraw android.view.ViewRootImpl.performTraversals:3893 android.view.ViewRootImpl.doTraversal:2625 android.view.ViewRootImpl$TraversalRunnable.run:9661 android.view.Choreographer$CallbackRecord.run:1524 android.view.Choreographer$CallbackRecord.run:1532 
2026-03-29 21:34:26.552  4590-4590  VRI[MainActivity]       com.plugadoratomico                  D  vri.Setup new sync id=0 syncSeqId=0
2026-03-29 21:34:26.555  4590-22429 perf_hint               com.plugadoratomico                  E  Session creation failed, mPreferredRateNanos: -1
2026-03-29 21:34:26.555  1496-2352  SurfaceFlinger          surfaceflinger                       D  updateInputFlinger::setFocusedWindow: windowName=6e7f096 com.plugadoratomico/com.plugadoratomico.MainActivity focusRequests.size=1
2026-03-29 21:34:26.556  4590-4590  VRI[MainActivity]       com.plugadoratomico                  D  vri.reportDrawFinished syncSeqId=0 android.view.ViewRootImpl.lambda$createSyncIfNeeded$4$android-view-ViewRootImpl:3961 android.view.ViewRootImpl$$ExternalSyntheticLambda1.run:6 android.os.Handler.handleCallback:942 android.os.Handler.dispatchMessage:99 android.os.Looper.loopOnce:211 
2026-03-29 21:34:26.561  4590-4590  DecorView[]             com.plugadoratomico                  D  onWindowFocusChanged hasWindowFocus false
2026-03-29 21:34:26.591  4590-4590  DecorView[]             com.plugadoratomico                  D  onWindowFocusChanged hasWindowFocus true
2026-03-29 21:34:28.217  2422-3317  MIUIInput               system_server                        D  [MotionEvent] publisher action=0x0, 82086821, channel '6e7f096 com.plugadoratomico/com.plugadoratomico.MainActivity (server)'
2026-03-29 21:34:28.227  4590-22429 RenderInspector         com.plugadoratomico                  W  DequeueBuffer time out on com.plugadoratomico/com.plugadoratomico.MainActivity, count=1, avg=26 ms, max=26 ms.
2026-03-29 21:34:28.273  2422-3317  MIUIInput               system_server                        D  [MotionEvent] publisher action=0x1, 82086878, channel '6e7f096 com.plugadoratomico/com.plugadoratomico.MainActivity (server)'
2026-03-29 21:34:28.301  4590-22429 OpenGLRenderer          com.plugadoratomico                  D  endAllActiveAnimators on 0xb400007596971a00 (RippleDrawable) with handle 0xb4000075820b6fa0
2026-03-29 21:34:28.302  2422-4990  InputManager-JNI        system_server                        W  Input channel object '6e7f096 com.plugadoratomico/com.plugadoratomico.MainActivity (client)' was disposed without first being removed with the input manager!
2026-03-29 21:34:28.319  4590-4590  OnBackInvokedCallback   com.plugadoratomico                  W  OnBackInvokedCallback is not enabled for the application.
                                                                                                    Set 'android:enableOnBackInvokedCallback="true"' in the application manifest.
2026-03-29 21:34:28.325  1496-1666  SurfaceFlinger          surfaceflinger                       I  sf.setTransactionState focusRequest transactionId:10402410977069 frontWin:36c9be2 com.plugadoratomico/com.plugadoratomico.MainActivity
2026-03-29 21:34:28.335  1496-2352  SurfaceFlinger          surfaceflinger                       D  updateInputFlinger::setFocusedWindow: windowName=36c9be2 com.plugadoratomico/com.plugadoratomico.MainActivity focusRequests.size=1
2026-03-29 21:34:28.336  4590-4590  DecorView[]             com.plugadoratomico                  D  onWindowFocusChanged hasWindowFocus true
2026-03-29 21:34:28.337  4590-4590  HandWritingStubImpl     com.plugadoratomico                  I  refreshLastKeyboardType: 1
2026-03-29 21:34:28.337  4590-4590  HandWritingStubImpl     com.plugadoratomico                  I  getCurrentKeyboardType: 1
2026-03-29 21:34:28.344 10537-10537 GoogleInpu...hodService com...gle.android.inputmethod.latin  I  GoogleInputMethodService.onStartInput():1434 onStartInput(EditorInfo{EditorInfo{packageName=com.plugadoratomico, inputType=0, inputTypeString=NULL, enableLearning=false, autoCorrection=false, autoComplete=false, imeOptions=0, privateImeOptions=null, actionName=UNSPECIFIED, actionLabel=null, initialSelStart=-1, initialSelEnd=-1, initialCapsMode=0, label=null, fieldId=-1, fieldName=null, extras=Bundle[mParcelledData.dataSize=72], hintText=null, hintLocales=[]}}, false)
2026-03-29 21:34:32.982  2422-3317  MIUIInput               system_server                        D  [MotionEvent] publisher action=0x0, 82091585, channel '36c9be2 com.plugadoratomico/com.plugadoratomico.MainActivity (server)'
2026-03-29 21:34:33.056  2422-3317  MIUIInput               system_server                        D  [MotionEvent] publisher action=0x1, 82091661, channel '36c9be2 com.plugadoratomico/com.plugadoratomico.MainActivity (server)'
2026-03-29 21:34:33.058  1325-1325  vendor.qti...al-service ven...qti.hardware.perf-hal-service  E  ExtendedPerfBoost: extended_perfboost_verification() 742: Ok, set boost params. hintid=4224 hinttype=1 prio=0, clientpid=2422 packagename=com.plugadoratomico params=boost:1 cpu0:1958400 cpu4:2304000
2026-03-29 21:34:33.929  2422-3317  MIUIInput               system_server                        D  [MotionEvent] publisher action=0x0, 82092534, channel '36c9be2 com.plugadoratomico/com.plugadoratomico.MainActivity (server)'
2026-03-29 21:34:33.981  2422-3317  MIUIInput               system_server                        D  [MotionEvent] publisher action=0x1, 82092586, channel '36c9be2 com.plugadoratomico/com.plugadoratomico.MainActivity (server)'
2026-03-29 21:34:34.769  2422-3317  MIUIInput               system_server                        D  [MotionEvent] publisher action=0x0, 82093373, channel '36c9be2 com.plugadoratomico/com.plugadoratomico.MainActivity (server)'
2026-03-29 21:34:34.832  2422-3317  MIUIInput               system_server                        D  [MotionEvent] publisher action=0x1, 82093437, channel '36c9be2 com.plugadoratomico/com.plugadoratomico.MainActivity (server)'
2026-03-29 21:34:34.896  4590-22452 unknown:ReactNative     com.plugadoratomico                  W  Attempt to set local data for view with unknown tag: -1
2026-03-29 21:34:34.897  4590-22452 unknown:ReactNative     com.plugadoratomico                  W  Attempt to set local data for view with unknown tag: -1
2026-03-29 21:34:34.897  4590-22452 unknown:ReactNative     com.plugadoratomico                  W  Attempt to set local data for view with unknown tag: -1
2026-03-29 21:34:34.976  4590-4590  unknown:ReactNative     com.plugadoratomico                  W  ReactImageView: Image source "/data/user/0/com.plugadoratomico/files/contact_avatar_path_1774830780689.jpg" doesn't exist
